// Jest Snapshot v1, https://goo.gl/fbAQLP

exports[`Booking page shows booking page 1`] = `"<svg class=\\"MuiSvgIcon-root MuiSvgIcon-fontSizeMedium css-i4bv87-MuiSvgIcon-root\\" focusable=\\"false\\" aria-hidden=\\"true\\" viewBox=\\"0 0 24 24\\" data-testid=\\"StartIcon\\"><path d=\\"M14.59 7.41 18.17 11H6v2h12.17l-3.59 3.59L16 18l6-6-6-6-1.41 1.41zM2 6v12h2V6H2z\\"></path></svg>"`;
