// Jest Snapshot v1, https://goo.gl/fbAQLP

exports[`PartnerCard test shows partnerCards 1`] = `"<div class=\\"PartnerCardBox MuiBox-root css-0\\"><div class=\\"MuiGrid-root MuiGrid-container MuiGrid-spacing-xs-2 css-mhc70k-MuiGrid-root\\" style=\\"max-width: 1440px;\\"><div class=\\"MuiGrid-root MuiGrid-item MuiGrid-grid-xs-12 MuiGrid-grid-md-4 css-1lj5egr-MuiGrid-root\\"><div style=\\"text-align: center; margin-top: 10px;\\"><img src=\\"https://i.postimg.cc/j5yt5mSV/Kristiania.png\\"></div></div><div class=\\"MuiGrid-root MuiGrid-item MuiGrid-grid-xs-12 MuiGrid-grid-md-4 css-1lj5egr-MuiGrid-root\\"><div style=\\"text-align: center; margin-top: 20px;\\"><img src=\\"https://i.postimg.cc/bwYJ5yNZ/linkedin.png\\"></div></div><div class=\\"MuiGrid-root MuiGrid-item MuiGrid-grid-xs-12 MuiGrid-grid-md-4 css-1lj5egr-MuiGrid-root\\"><div style=\\"text-align: center; margin-top: 20px;\\"><img src=\\"https://i.postimg.cc/c404Kx3F/google.png\\"></div></div></div></div>"`;
